// Jest Snapshot v1, https://goo.gl/fbAQLP

exports[`ChatBox test should match snapshot when there is a start and completion 1`] = `
<div>
  <div
    class="zI7 iyn Hsu"
    id="container"
  >
    <div
      class="LJB PKX Pw5 QDA Tte daS dxm fBv fte s2n zI7 iyn Hsu"
      id="chatContainer"
    >
      <div
        class="jzS un8 C9i TB_"
      >
        <div
          class="KO4 RDc zI7 iyn Hsu"
        >
          <div
            class="KS5 hs0 un8 C9i TB_"
            style="width: 100%;"
          >
            <div
              class="zI7 iyn Hsu"
            >
              <div
                class="INd XiG zI7 iyn Hsu"
                data-test-id="gestalt-avatar-svg"
                style="width: 48px; height: 48px;"
              >
                <div
                  class="Pj7 sLG XiG INd m1e"
                >
                  <div
                    class="XiG zI7 iyn Hsu"
                    style="padding-bottom: 100%;"
                  >
                    <img
                      alt="Catbot"
                      class="hCL kVc L4E MIw"
                      fetchpriority="auto"
                      loading="auto"
                      src="/robot.png"
                    />
                  </div>
                  <div
                    class="KPc MIw ojN Rym p6V QLY"
                  />
                </div>
                <div
                  class="MIw zI7 iyn Hsu"
                  style="width: 25%; height: 25%; min-width: 12px; min-height: 12px; bottom: 4%; right: 4%;"
                >
                  <div
                    class="INd imm zI7 iyn Hsu"
                    style="width: 100%; height: 100%;"
                  >
                    <svg
                      aria-hidden="true"
                      aria-label=""
                      class="g_1 gUZ U9O kVc"
                      height="100%"
                      role="img"
                      viewBox="0 0 24 24"
                      width="100%"
                    >
                      <path
                        d="M12 0a12 12 0 1 0 0 24 12 12 0 0 0 0-24M6.37 11.61a1.25 1.25 0 0 1 1.76 0l2.37 2.36 5.37-5.35a1.25 1.25 0 0 1 1.76 1.76L10.5 17.5l-4.13-4.13a1.25 1.25 0 0 1 0-1.76"
                      />
                    </svg>
                  </div>
                </div>
              </div>
            </div>
            <div
              class="Pyg zI7 iyn Hsu"
            >
              <div
                class="tBJ dyH iFc sAJ X8m zDA IZT H2s"
              >
                Catbot
              </div>
              <div
                class="tBJ dyH iFc sAJ X8m zDA IZT swG"
              >
                Hello Username =^.^= I'm your catssistant!
              </div>
            </div>
          </div>
        </div>
      </div>
      <form>
        <div
          class="KS5 hs0 un8 C9i TB_"
          style="width: 100%;"
        >
          <label
            for="userMessage"
          />
          <input
            autocomplete="off"
            id="userMessage"
            placeholder="Ask me anything"
            value=""
          />
          <button
            aria-label="Send message"
            class="HEm adn yQo lnZ wsz"
            tabindex="0"
            type="submit"
          >
            <div
              class="rYa kVc adn yQo S9z qrs BG7"
            >
              <div
                class="x8f INd _O1 KS5 mQ8 OGJ"
                style="height: 48px; width: 48px;"
              >
                <svg
                  aria-hidden="true"
                  aria-label=""
                  class="Hn_ Uvi gUZ U9O kVc"
                  height="20"
                  role="img"
                  viewBox="0 0 24 24"
                  width="20"
                >
                  <path
                    d="m.46 2.43-.03.03c-.4.42-.58 1.06-.28 1.68L3 10.5 16 12 3 13.5.15 19.86c-.3.62-.13 1.26.27 1.67l.05.05c.4.38 1 .56 1.62.3l20.99-8.5q.28-.12.47-.3l.04-.04c.68-.71.51-2-.51-2.42L2.09 2.12Q1.79 2 1.49 2q-.61.01-1.03.43"
                  />
                </svg>
              </div>
            </div>
          </button>
        </div>
      </form>
    </div>
  </div>
</div>
`;
